== spray-bench ==
service: region=us journal_mode=lean sink=Null slot_ms=400 fast_path=true emit_all_stages=true durable_commitment_wait=false journal_retention=300s workers=4
target=workflow rate=1000/s spike=0/s duration=40s validity_slots=150 payload=512B conns=8

-- submission phase (40.0s) --
scheduled=40000 submitted=40000 acked=40000 rejected=0 errors=0 backpressured=0
achieved submit rate: 999/s
ingress ack latency (us): p50=2675 p90=9415 p99=31103 p999=65215 max=118719
status codes: [(202, 40000)]

-- drain phase (waiting for lifecycles to settle) --
  t=    1s completed=36263/40000 in_flight=3737 settle_rate=615/s
  t=    2s completed=36570/40000 in_flight=3430 settle_rate=306/s
  t=    3s completed=36631/40000 in_flight=3369 settle_rate=61/s
  t=    4s completed=36735/40000 in_flight=3265 settle_rate=103/s
  t=    5s completed=36813/40000 in_flight=3187 settle_rate=78/s
  t=    6s completed=36918/40000 in_flight=3082 settle_rate=105/s
  t=    7s completed=36975/40000 in_flight=3025 settle_rate=57/s
  t=    8s completed=37050/40000 in_flight=2950 settle_rate=75/s
  t=    9s completed=37097/40000 in_flight=2903 settle_rate=47/s
  t=   10s completed=37180/40000 in_flight=2820 settle_rate=83/s
  t=   11s completed=37247/40000 in_flight=2753 settle_rate=67/s
  t=   12s completed=37292/40000 in_flight=2708 settle_rate=44/s
  t=   13s completed=37327/40000 in_flight=2673 settle_rate=35/s
  t=   14s completed=37384/40000 in_flight=2616 settle_rate=57/s
  t=   15s completed=37420/40000 in_flight=2580 settle_rate=36/s
  t=   16s completed=37453/40000 in_flight=2547 settle_rate=33/s
  t=   17s completed=37500/40000 in_flight=2500 settle_rate=47/s
  t=   18s completed=37523/40000 in_flight=2477 settle_rate=23/s
  t=   19s completed=37630/40000 in_flight=2370 settle_rate=106/s
  t=   20s completed=37674/40000 in_flight=2326 settle_rate=44/s
  t=   21s completed=37764/40000 in_flight=2236 settle_rate=90/s
  t=   22s completed=37815/40000 in_flight=2185 settle_rate=51/s
  t=   23s completed=37906/40000 in_flight=2094 settle_rate=91/s
  t=   24s completed=37943/40000 in_flight=2057 settle_rate=37/s
  t=   25s completed=38018/40000 in_flight=1982 settle_rate=75/s
  t=   26s completed=38069/40000 in_flight=1931 settle_rate=51/s
  t=   27s completed=38138/40000 in_flight=1862 settle_rate=69/s
  t=   28s completed=38179/40000 in_flight=1821 settle_rate=41/s
  t=   29s completed=38245/40000 in_flight=1755 settle_rate=66/s
  t=   30s completed=38299/40000 in_flight=1701 settle_rate=54/s
  t=   31s completed=38385/40000 in_flight=1615 settle_rate=86/s
  t=   32s completed=38436/40000 in_flight=1564 settle_rate=51/s
  t=   33s completed=38518/40000 in_flight=1482 settle_rate=78/s
  t=   34s completed=38577/40000 in_flight=1423 settle_rate=59/s
  t=   35s completed=38641/40000 in_flight=1359 settle_rate=64/s
  t=   36s completed=38705/40000 in_flight=1295 settle_rate=64/s
  t=   37s completed=38758/40000 in_flight=1242 settle_rate=53/s
  t=   38s completed=38811/40000 in_flight=1189 settle_rate=53/s
  t=   39s completed=38859/40000 in_flight=1141 settle_rate=48/s
  t=   40s completed=38924/40000 in_flight=1076 settle_rate=65/s
  t=   41s completed=38981/40000 in_flight=1019 settle_rate=57/s
  t=   42s completed=39050/40000 in_flight=950 settle_rate=69/s
  t=   43s completed=39093/40000 in_flight=907 settle_rate=43/s
  t=   44s completed=39162/40000 in_flight=838 settle_rate=69/s
  t=   45s completed=39208/40000 in_flight=792 settle_rate=46/s
  t=   46s completed=39294/40000 in_flight=706 settle_rate=86/s
  t=   47s completed=39349/40000 in_flight=651 settle_rate=55/s
  t=   48s completed=39420/40000 in_flight=580 settle_rate=71/s
  t=   49s completed=39464/40000 in_flight=536 settle_rate=43/s
  t=   50s completed=39522/40000 in_flight=478 settle_rate=58/s
  t=   51s completed=39572/40000 in_flight=428 settle_rate=50/s
  t=   52s completed=39652/40000 in_flight=348 settle_rate=80/s
  t=   53s completed=39703/40000 in_flight=297 settle_rate=51/s
  t=   54s completed=39781/40000 in_flight=219 settle_rate=78/s
  t=   55s completed=39821/40000 in_flight=179 settle_rate=40/s
  t=   56s completed=39886/40000 in_flight=114 settle_rate=65/s
  t=   57s completed=39940/40000 in_flight=60 settle_rate=54/s
  t=   58s completed=40000/40000 in_flight=0 settle_rate=60/s

-- service final --
{
  "bundles_completed": 0,
  "cluster": {
    "feed_pending": 0,
    "landings": 37595,
    "slot": 300000247,
    "tpu_bytes": 3239761920,
    "tpu_sends": 6327660
  },
  "completed": 40000,
  "config": "region=us journal_mode=lean sink=Null slot_ms=400 fast_path=true emit_all_stages=true durable_commitment_wait=false journal_retention=300s workers=4",
  "durable_steps_executed": 80000,
  "durable_steps_journaled": 80000,
  "handler_entries": 40000,
  "in_flight": 0,
  "journal_mode": "lean",
  "journal_steps_per_tx": 2.0,
  "latency": {
    "durable_step": {
      "count": 40000,
      "max_us": 149930,
      "mean_us": 7149.0,
      "p50_us": 4096,
      "p90_us": 32768,
      "p999_us": 131072,
      "p99_us": 65536
    },
    "time_to_first_send": {
      "count": 40000,
      "max_us": 134911,
      "mean_us": 5250.0,
      "p50_us": 4096,
      "p90_us": 16384,
      "p999_us": 131072,
      "p99_us": 65536
    },
    "time_to_handler": {
      "count": 40000,
      "max_us": 134910,
      "mean_us": 5249.0,
      "p50_us": 4096,
      "p90_us": 16384,
      "p999_us": 131072,
      "p99_us": 65536
    }
  },
  "mean_e2e_ms": 5456.14133435,
  "outcomes": {
    "dropped": 0,
    "expired": 2405,
    "failed_on_chain": 1191,
    "landed": 36404
  },
  "sink": {
    "batches": 93373,
    "dropped": 0,
    "emitted": 200000,
    "write_micros": 0,
    "written": 200000
  },
  "webhooks": {
    "failed": 0,
    "ok": 0
  }
}

wrote /home/user/Bellman-Ford/solana-spray/results/journal-lean.json
