== spray-bench ==
service: region=us journal_mode=lean sink=Null slot_ms=400 fast_path=true emit_all_stages=true durable_commitment_wait=false journal_retention=300s workers=4
target=workflow rate=500/s spike=0/s duration=40s validity_slots=150 payload=512B conns=8

-- submission phase (40.0s) --
scheduled=20000 submitted=20000 acked=20000 rejected=0 errors=0 backpressured=0
achieved submit rate: 500/s
ingress ack latency (us): p50=1666 p90=2963 p99=17103 p999=30879 max=64383
status codes: [(202, 20000)]

-- drain phase (waiting for lifecycles to settle) --
  t=    1s completed=18205/20000 in_flight=1795 settle_rate=309/s
  t=    2s completed=18317/20000 in_flight=1683 settle_rate=111/s
  t=    3s completed=18357/20000 in_flight=1643 settle_rate=40/s
  t=    4s completed=18422/20000 in_flight=1578 settle_rate=65/s
  t=    5s completed=18453/20000 in_flight=1547 settle_rate=31/s
  t=    6s completed=18506/20000 in_flight=1494 settle_rate=53/s
  t=    7s completed=18533/20000 in_flight=1467 settle_rate=27/s
  t=    8s completed=18582/20000 in_flight=1418 settle_rate=49/s
  t=    9s completed=18611/20000 in_flight=1389 settle_rate=29/s
  t=   10s completed=18636/20000 in_flight=1364 settle_rate=25/s
  t=   11s completed=18657/20000 in_flight=1343 settle_rate=21/s
  t=   12s completed=18689/20000 in_flight=1311 settle_rate=32/s
  t=   13s completed=18709/20000 in_flight=1291 settle_rate=20/s
  t=   14s completed=18735/20000 in_flight=1265 settle_rate=26/s
  t=   15s completed=18748/20000 in_flight=1252 settle_rate=13/s
  t=   16s completed=18765/20000 in_flight=1235 settle_rate=17/s
  t=   17s completed=18780/20000 in_flight=1220 settle_rate=15/s
  t=   18s completed=18792/20000 in_flight=1208 settle_rate=12/s
  t=   19s completed=18824/20000 in_flight=1176 settle_rate=32/s
  t=   20s completed=18859/20000 in_flight=1141 settle_rate=35/s
  t=   21s completed=18892/20000 in_flight=1108 settle_rate=33/s
  t=   22s completed=18939/20000 in_flight=1061 settle_rate=47/s
  t=   23s completed=18973/20000 in_flight=1027 settle_rate=34/s
  t=   24s completed=18996/20000 in_flight=1004 settle_rate=23/s
  t=   25s completed=19028/20000 in_flight=972 settle_rate=32/s
  t=   26s completed=19062/20000 in_flight=938 settle_rate=34/s
  t=   27s completed=19086/20000 in_flight=914 settle_rate=24/s
  t=   28s completed=19126/20000 in_flight=874 settle_rate=40/s
  t=   29s completed=19144/20000 in_flight=856 settle_rate=18/s
  t=   30s completed=19181/20000 in_flight=819 settle_rate=37/s
  t=   31s completed=19205/20000 in_flight=795 settle_rate=24/s
  t=   32s completed=19241/20000 in_flight=759 settle_rate=36/s
  t=   33s completed=19275/20000 in_flight=725 settle_rate=34/s
  t=   34s completed=19309/20000 in_flight=691 settle_rate=34/s
  t=   35s completed=19344/20000 in_flight=656 settle_rate=35/s
  t=   36s completed=19366/20000 in_flight=634 settle_rate=22/s
  t=   37s completed=19414/20000 in_flight=586 settle_rate=48/s
  t=   38s completed=19438/20000 in_flight=562 settle_rate=24/s
  t=   39s completed=19469/20000 in_flight=531 settle_rate=31/s
  t=   40s completed=19491/20000 in_flight=509 settle_rate=22/s
  t=   41s completed=19530/20000 in_flight=470 settle_rate=39/s
  t=   42s completed=19550/20000 in_flight=450 settle_rate=20/s
  t=   43s completed=19588/20000 in_flight=412 settle_rate=38/s
  t=   44s completed=19616/20000 in_flight=384 settle_rate=28/s
  t=   45s completed=19650/20000 in_flight=350 settle_rate=34/s
  t=   46s completed=19670/20000 in_flight=330 settle_rate=20/s
  t=   47s completed=19697/20000 in_flight=303 settle_rate=27/s
  t=   48s completed=19716/20000 in_flight=284 settle_rate=19/s
  t=   49s completed=19751/20000 in_flight=249 settle_rate=35/s
  t=   50s completed=19769/20000 in_flight=231 settle_rate=18/s
  t=   51s completed=19804/20000 in_flight=196 settle_rate=35/s
  t=   52s completed=19827/20000 in_flight=173 settle_rate=23/s
  t=   53s completed=19863/20000 in_flight=137 settle_rate=36/s
  t=   54s completed=19885/20000 in_flight=115 settle_rate=22/s
  t=   55s completed=19915/20000 in_flight=85 settle_rate=30/s
  t=   56s completed=19940/20000 in_flight=60 settle_rate=25/s
  t=   57s completed=19973/20000 in_flight=27 settle_rate=33/s
  t=   58s completed=19997/20000 in_flight=3 settle_rate=24/s

-- service final --
{
  "bundles_completed": 0,
  "cluster": {
    "feed_pending": 0,
    "landings": 18831,
    "slot": 300000247,
    "tpu_bytes": 1595658240,
    "tpu_sends": 3116520
  },
  "completed": 20000,
  "config": "region=us journal_mode=lean sink=Null slot_ms=400 fast_path=true emit_all_stages=true durable_commitment_wait=false journal_retention=300s workers=4",
  "durable_steps_executed": 40000,
  "durable_steps_journaled": 40000,
  "handler_entries": 20000,
  "in_flight": 0,
  "journal_mode": "lean",
  "journal_steps_per_tx": 2.0,
  "latency": {
    "durable_step": {
      "count": 20000,
      "max_us": 86335,
      "mean_us": 5509.0,
      "p50_us": 4096,
      "p90_us": 16384,
      "p999_us": 65536,
      "p99_us": 65536
    },
    "time_to_first_send": {
      "count": 20000,
      "max_us": 65036,
      "mean_us": 2539.0,
      "p50_us": 4096,
      "p90_us": 4096,
      "p999_us": 32768,
      "p99_us": 16384
    },
    "time_to_handler": {
      "count": 20000,
      "max_us": 65035,
      "mean_us": 2539.0,
      "p50_us": 4096,
      "p90_us": 4096,
      "p999_us": 32768,
      "p99_us": 16384
    }
  },
  "mean_e2e_ms": 5364.88155165,
  "outcomes": {
    "dropped": 0,
    "expired": 1169,
    "failed_on_chain": 609,
    "landed": 18222
  },
  "sink": {
    "batches": 50455,
    "dropped": 0,
    "emitted": 100000,
    "write_micros": 0,
    "written": 100000
  },
  "webhooks": {
    "failed": 0,
    "ok": 0
  }
}

wrote /home/user/Bellman-Ford/solana-spray/results/rate-500.json
